
[1m[46m RUN [49m[22m [36mv4.0.16 [39m[90m/home/digni/Documents/Projects/tambola[39m

[90mstdout[2m | src/features/game/components/TicketDisplay.test.tsx[2m > [22m[2mTicketDisplay[2m > [22m[2mshould handle invalid grid structure - wrong number of rows
[22m[39m[36m<body>[39m
  [36m<div>[39m
    [36m<div>[39m
      [36m<div>[39m
        [36m<h2>[39m
          [36m<svg[39m
            [33mdata-testid[39m=[32m"ticket-icon"[39m
          [36m/>[39m
          [0mYour Ticket[0m
        [36m</h2>[39m
      [36m</div>[39m
      [36m<div>[39m
        [36m<div[39m
          [33mclass[39m=[32m"overflow-x-auto"[39m
        [36m>[39m
          [36m<div[39m
            [33mclass[39m=[32m"inline-block min-w-full"[39m
          [36m>[39m
            [36m<div[39m
              [33mclass[39m=[32m"grid grid-rows-3 gap-1 p-2 bg-muted/30 rounded-lg"[39m
            [36m>[39m
              [36m<div[39m
                [33mclass[39m=[32m"grid grid-cols-9 gap-1"[39m
              [36m>[39m
                [36m<div[39m
                  [33mclass[39m=[32m"
                        aspect-square flex items-center justify-center
                        text-sm font-semibold rounded
                        bg-background border-2 border-primary/20 hover:border-primary/40 transition-colors
                      "[39m
                [36m>[39m
                  [0m1[0m
                [36m</div>[39m
                [36m<div[39m
                  [33mclass[39m=[32m"
                        aspect-square flex items-center justify-center
                        text-sm font-semibold rounded
                        bg-muted/50 text-muted-foreground/30
                      "[39m
                [36m/>[39m
                [36m<div[39m
                  [33mclass[39m=[32m"
                        aspect-square flex items-center justify-center
                        text-sm font-semibold rounded
                        bg-background border-2 border-primary/20 hover:border-primary/40 transition-colors
                      "[39m
                [36m>[39m
                  [0m23[0m
                [36m</div>[39m
                [36m<div[39m
                  [33mclass[39m=[32m"
                        aspect-square flex items-center justify-center
                        text-sm font-semibold rounded
                        bg-muted/50 text-muted-foreground/30
                      "[39m
                [36m/>[39m
                [36m<div[39m
                  [33mclass[39m=[32m"
                        aspect-square flex items-center justify-center
                        text-sm font-semibold rounded
                        bg-background border-2 border-primary/20 hover:border-primary/40 transition-colors
                      "[39m
                [36m>[39m
                  [0m45[0m
                [36m</div>[39m
                [36m<div[39m
                  [33mclass[39m=[32m"
                        aspect-square flex items-center justify-center
                        text-sm font-semibold rounded
                        bg-muted/50 text-muted-foreground/30
                      "[39m
                [36m/>[39m
                [36m<div[39m
                  [33mclass[39m=[32m"
                        aspect-square flex items-center justify-center
                        text-sm font-semibold rounded
                        bg-background border-2 border-primary/20 hover:border-primary/40 transition-colors
                      "[39m
                [36m>[39m
                  [0m67[0m
                [36m</div>[39m
                [36m<div[39m
                  [33mclass[39m=[32m"
                        aspect-square flex items-center justify-center
                        text-sm font-semibold rounded
                        bg-muted/50 text-muted-foreground/30
                      "[39m
                [36m/>[39m
                [36m<div[39m
                  [33mclass[39m=[32m"
                        aspect-square flex items-center justify-center
                        text-sm font-semibold rounded
                        bg-background border-2 border-primary/20 hover:border-primary/40 transition-colors
                      "[39m
                [36m>[39m
                  [0m89[0m
                [36m</div>[39m
              [36m</div>[39m
              [36m<div[39m
                [33mclass[39m=[32m"grid grid-cols-9 gap-1"[39m
              [36m>[39m
                [36m<div[39m
                  [33mclass[39m=[32m"
                        aspect-square flex items-center justify-center
                        text-sm font-semibold rounded
                        bg-background border-2 border-primary/20 hover:border-primary/40 transition-colors
                      "[39m
                [36m>[39m
                  [0m2[0m
                [36m</div>[39m
                [36m<div[39m
                  [33mclass[39m=[32m"
                        aspect-square flex items-center justify-center
                        text-sm font-semibold rounded
                        bg-muted/50 text-muted-foreground/30
                      "[39m
                [36m/>[39m
                [36m<div[39m
                  [33mclass[39m=[32m"
                        aspect-square flex items-center justify-center
                        text-sm font-semibold rounded
                        bg-background border-2 border-primary/20 hover:border-primary/40 transition-colors
                      "[39m
                [36m>[39m
                  [0m24[0m
                [36m</div>[39m
                [36m<div[39m
                  [33mclass[39m=[32m"
                        aspect-square flex items-center justify-center
                        text-sm font-semibold rounded
                        bg-muted/50 text-muted-foreground/30
                      "[39m
                [36m/>[39m
                [36m<div[39m
                  [33mclass[39m=[32m"
                        aspect-square flex items-center justify-center
                        text-sm font-semibold rounded
                        bg-background border-2 border-primary/20 hover:border-primary/40 transition-colors
                      "[39m
                [36m>[39m
                  [0m46[0m
                [36m</div>[39m
                [36m<div[39m
                  [33mclass[39m=[32m"
                        aspect-square flex items-center justify-center
                        text-sm font-semibold rounded
                        bg-muted/50 text-muted-foreground/30
                      "[39m
                [36m/>[39m
                [36m<div[39m
                  [33mclass[39m=[32m"
                        aspect-square flex items-center justify-center
                        text-sm font-semibold rounded
                        bg-background border-2 border-primary/20 hover:border-primary/40 transition-colors
                      "[39m
                [36m>[39m
                  [0m68[0m
                [36m</div>[39m
                [36m<div[39m
                  [3...

 [31m❯[39m src/features/game/components/TicketDisplay.test.tsx [2m([22m[2m10 tests[22m[2m | [22m[31m4 failed[39m[2m)[22m[33m 509[2mms[22m[39m
     [32m✓[39m should render ticket with valid grid[32m 151[2mms[22m[39m
     [32m✓[39m should render player name when provided[32m 29[2mms[22m[39m
[31m     [31m×[31m should display all numbers from grid[39m[32m 72[2mms[22m[39m
     [32m✓[39m should render empty cells for zeros[32m 20[2mms[22m[39m
     [32m✓[39m should handle invalid grid structure - wrong number of rows[32m 53[2mms[22m[39m
[31m     [31m×[31m should handle invalid grid structure - wrong number of columns[39m[32m 43[2mms[22m[39m
[31m     [31m×[31m should handle null grid[39m[32m 44[2mms[22m[39m
[31m     [31m×[31m should handle undefined grid[39m[32m 47[2mms[22m[39m
     [32m✓[39m should render 3 rows and 9 columns[32m 26[2mms[22m[39m
     [32m✓[39m should apply different styling to filled vs empty cells[32m 16[2mms[22m[39m

[31m⎯⎯⎯⎯⎯⎯⎯[39m[1m[41m Failed Tests 4 [49m[22m[31m⎯⎯⎯⎯⎯⎯⎯[39m

[41m[1m FAIL [22m[49m src/features/game/components/TicketDisplay.test.tsx[2m > [22mTicketDisplay[2m > [22mshould display all numbers from grid
[31m[1mTestingLibraryElementError[22m[39m: Found multiple elements with the text: 1

Here are the matching elements:

Ignored nodes: comments, script, style
[36m<div[39m
  [33mclass[39m=[32m"
                        aspect-square flex items-center justify-center
                        text-sm font-semibold rounded
                        bg-background border-2 border-primary/20 hover:border-primary/40 transition-colors
                      "[39m
[36m>[39m
  [0m1[0m
[36m</div>[39m

Ignored nodes: comments, script, style
[36m<div[39m
  [33mclass[39m=[32m"
                        aspect-square flex items-center justify-center
                        text-sm font-semibold rounded
                        bg-background border-2 border-primary/20 hover:border-primary/40 transition-colors
                      "[39m
[36m>[39m
  [0m1[0m
[36m</div>[39m

Ignored nodes: comments, script, style
[36m<div[39m
  [33mclass[39m=[32m"
                        aspect-square flex items-center justify-center
                        text-sm font-semibold rounded
                        bg-background border-2 border-primary/20 hover:border-primary/40 transition-colors
                      "[39m
[36m>[39m
  [0m1[0m
[36m</div>[39m

(If this is intentional, then use the `*AllBy*` variant of the query (like `queryAllByText`, `getAllByText`, or `findAllByText`)).

Ignored nodes: comments, script, style
[36m<body>[39m
  [36m<div>[39m
    [36m<div>[39m
      [36m<div>[39m
        [36m<h2>[39m
          [36m<svg[39m
            [33mdata-testid[39m=[32m"ticket-icon"[39m
          [36m/>[39m
          [0mYour Ticket[0m
        [36m</h2>[39m
      [36m</div>[39m
      [36m<div>[39m
        [36m<div[39m
          [33mclass[39m=[32m"overflow-x-auto"[39m
        [36m>[39m
          [36m<div[39m
            [33mclass[39m=[32m"inline-block min-w-full"[39m
          [36m>[39m
            [36m<div[39m
              [33mclass[39m=[32m"grid grid-rows-3 gap-1 p-2 bg-muted/30 rounded-lg"[39m
            [36m>[39m
              [36m<div[39m
                [33mclass[39m=[32m"grid grid-cols-9 gap-1"[39m
              [36m>[39m
                [36m<div[39m
                  [33mclass[39m=[32m"
                        aspect-square flex items-center justify-center
                        text-sm font-semibold rounded
                        bg-background border-2 border-primary/20 hover:border-primary/40 transition-colors
                      "[39m
                [36m>[39m
                  [0m1[0m
                [36m</div>[39m
                [36m<div[39m
                  [33mclass[39m=[32m"
                        aspect-square flex items-center justify-center
                        text-sm font-semibold rounded
                        bg-muted/50 text-muted-foreground/30
                      "[39m
                [36m/>[39m
                [36m<div[39m
                  [33mclass[39m=[32m"
                        aspect-square flex items-center justify-center
                        text-sm font-semibold rounded
                        bg-background border-2 border-primary/20 hover:border-primary/40 transition-colors
                      "[39m
                [36m>[39m
                  [0m23[0m
                [36m</div>[39m
                [36m<div[39m
                  [33mclass[39m=[32m"
                        aspect-square flex items-center justify-center
                        text-sm font-semibold rounded
                        bg-muted/50 text-muted-foreground/30
                      "[39m
                [36m/>[39m
                [36m<div[39m
                  [33mclass[39m=[32m"
                        aspect-square flex items-center justify-center
                        text-sm font-semibold rounded
                        bg-background border-2 border-primary/20 hover:border-primary/40 transition-colors
                      "[39m
                [36m>[39m
                  [0m45[0m
                [36m</div>[39m
                [36m<div[39m
                  [33mclass[39m=[32m"
                        aspect-square flex items-center justify-center
                        text-sm font-semibold rounded
                        bg-muted/50 text-muted-foreground/30
                      "[39m
                [36m/>[39m
                [36m<div[39m
                  [33mclass[39m=[32m"
                        aspect-square flex items-center justify-center
                        text-sm font-semibold rounded
                        bg-background border-2 border-primary/20 hover:border-primary/40 transition-colors
                      "[39m
                [36m>[39m
                  [0m67[0m
                [36m</div>[39m
                [36m<div[39m
                  [33mclass[39m=[32m"
                        aspect-square flex items-center justify-center
                        text-sm font-semibold rounded
                        bg-muted/50 text-muted-foreground/30
                      "[39m
                [36m/>[39m
                [36m<div[39m
                  [33mclass[39m=[32m"
                        aspect-square flex items-center justify-center
                        text-sm font-semibold rounded
                        bg-background border-2 border-primary/20 hover:border-primary/40 transition-colors
                      "[39m
                [36m>[39m
                  [0m89[0m
                [36m</div>[39m
              [36m</div>[39m
              [36m<div[39m
                [33mclass[39m=[32m"grid grid-cols-9 gap-1"[39m
              [36m>[39m
                [36m<div[39m
                  [33mclass[39m=[32m"
                        aspect-square flex items-center justify-center
                        text-sm font-semibold rounded
                        bg-background border-2 border-primary/20 hover:border-primary/40 transition-colors
                      "[39m
                [36m>[39m
                  [0m2[0m
                [36m</div>[39m
                [36m<div[39m
                  [33mclass[39m=[32m"
                        aspect-square flex items-center justify-center
                        text-sm font-semibold rounded
                        bg-muted/50 text-muted-foreground/30
                      "[39m
                [36m/>[39m
                [36m<div[39m
                  [33mclass[39m=[32m"
                        aspect-square flex items-center justify-center
                        text-sm font-semibold rounded
                        bg-background border-2 border-primary/20 hover:border-primary/40 transition-colors
                      "[39m
                [36m>[39m
                  [0m24[0m
                [36m</div>[39m
                [36m<div[39m
                  [33mclass[39m=[32m"
                        aspect-square flex items-center justify-center
                        text-sm font-semibold rounded
                        bg-muted/50 text-muted-foreground/30
                      "[39m
                [36m/>[39m
                [36m<div[39m
                  [33mclass[39m=[32m"
                        aspect-square flex items-center justify-center
                        text-sm font-semibold rounded
                        bg-background border-2 border-primary/20 hover:border-primary/40 transition-colors
                      "[39m
                [36m>[39m
                  [0m46[0m
                [36m</div>[39m
                [36m<div[39m
                  [33mclass[39m=[32m"
                        aspect-square flex items-center justify-center
                        text-sm font-semibold rounded
                        bg-muted/50 text-muted-foreground/30
                      "[39m
                [36m/>[39m
                [36m<div[39m
                  [33mclass[39m=[32m"
                        aspect-square flex items-center justify-center
                        text-sm font-semibold rounded
                        bg-background border-2 border-primary/20 hover:border-primary/40 transition-colors
                      "[39m
                [36m>[39m
                  [0m68[0m
                [36m</div>[39m
                [36m<div[39m
                  [3...
[90m [2m❯[22m Object.getElementError node_modules/@testing-library/dom/dist/config.js:[2m37:19[22m[39m
[90m [2m❯[22m getElementError node_modules/@testing-library/dom/dist/query-helpers.js:[2m20:35[22m[39m
[90m [2m❯[22m getMultipleElementsFoundError node_modules/@testing-library/dom/dist/query-helpers.js:[2m23:10[22m[39m
[90m [2m❯[22m node_modules/@testing-library/dom/dist/query-helpers.js:[2m55:13[22m[39m
[90m [2m❯[22m node_modules/@testing-library/dom/dist/query-helpers.js:[2m95:19[22m[39m
[36m [2m❯[22m src/features/game/components/TicketDisplay.test.tsx:[2m44:19[22m[39m
    [90m 42| [39m
    [90m 43| [39m    [90m// Check for some numbers from the grid[39m
    [90m 44| [39m    [34mexpect[39m(screen[33m.[39m[34mgetByText[39m([32m"1"[39m))[33m.[39m[34mtoBeDefined[39m()[33m;[39m
    [90m   | [39m                  [31m^[39m
    [90m 45| [39m    [34mexpect[39m(screen[33m.[39m[34mgetByText[39m([32m"23"[39m))[33m.[39m[34mtoBeDefined[39m()[33m;[39m
    [90m 46| [39m    [34mexpect[39m(screen[33m.[39m[34mgetByText[39m([32m"45"[39m))[33m.[39m[34mtoBeDefined[39m()[33m;[39m

[31m[2m⎯⎯⎯⎯⎯⎯⎯⎯⎯⎯⎯⎯⎯⎯⎯⎯⎯⎯⎯⎯⎯⎯⎯⎯[1/4]⎯[22m[39m

[41m[1m FAIL [22m[49m src/features/game/components/TicketDisplay.test.tsx[2m > [22mTicketDisplay[2m > [22mshould handle invalid grid structure - wrong number of columns
[31m[1mTestingLibraryElementError[22m[39m: Found multiple elements with the text: Invalid ticket data

Here are the matching elements:

Ignored nodes: comments, script, style
[36m<p[39m
  [33mclass[39m=[32m"text-sm text-muted-foreground"[39m
[36m>[39m
  [0mInvalid ticket data[0m
[36m</p>[39m

Ignored nodes: comments, script, style
[36m<p[39m
  [33mclass[39m=[32m"text-sm text-muted-foreground"[39m
[36m>[39m
  [0mInvalid ticket data[0m
[36m</p>[39m

(If this is intentional, then use the `*AllBy*` variant of the query (like `queryAllByText`, `getAllByText`, or `findAllByText`)).

Ignored nodes: comments, script, style
[36m<body>[39m
  [36m<div>[39m
    [36m<div>[39m
      [36m<div>[39m
        [36m<h2>[39m
          [36m<svg[39m
            [33mdata-testid[39m=[32m"ticket-icon"[39m
          [36m/>[39m
          [0mYour Ticket[0m
        [36m</h2>[39m
      [36m</div>[39m
      [36m<div>[39m
        [36m<div[39m
          [33mclass[39m=[32m"overflow-x-auto"[39m
        [36m>[39m
          [36m<div[39m
            [33mclass[39m=[32m"inline-block min-w-full"[39m
          [36m>[39m
            [36m<div[39m
              [33mclass[39m=[32m"grid grid-rows-3 gap-1 p-2 bg-muted/30 rounded-lg"[39m
            [36m>[39m
              [36m<div[39m
                [33mclass[39m=[32m"grid grid-cols-9 gap-1"[39m
              [36m>[39m
                [36m<div[39m
                  [33mclass[39m=[32m"
                        aspect-square flex items-center justify-center
                        text-sm font-semibold rounded
                        bg-background border-2 border-primary/20 hover:border-primary/40 transition-colors
                      "[39m
                [36m>[39m
                  [0m1[0m
                [36m</div>[39m
                [36m<div[39m
                  [33mclass[39m=[32m"
                        aspect-square flex items-center justify-center
                        text-sm font-semibold rounded
                        bg-muted/50 text-muted-foreground/30
                      "[39m
                [36m/>[39m
                [36m<div[39m
                  [33mclass[39m=[32m"
                        aspect-square flex items-center justify-center
                        text-sm font-semibold rounded
                        bg-background border-2 border-primary/20 hover:border-primary/40 transition-colors
                      "[39m
                [36m>[39m
                  [0m23[0m
                [36m</div>[39m
                [36m<div[39m
                  [33mclass[39m=[32m"
                        aspect-square flex items-center justify-center
                        text-sm font-semibold rounded
                        bg-muted/50 text-muted-foreground/30
                      "[39m
                [36m/>[39m
                [36m<div[39m
                  [33mclass[39m=[32m"
                        aspect-square flex items-center justify-center
                        text-sm font-semibold rounded
                        bg-background border-2 border-primary/20 hover:border-primary/40 transition-colors
                      "[39m
                [36m>[39m
                  [0m45[0m
                [36m</div>[39m
                [36m<div[39m
                  [33mclass[39m=[32m"
                        aspect-square flex items-center justify-center
                        text-sm font-semibold rounded
                        bg-muted/50 text-muted-foreground/30
                      "[39m
                [36m/>[39m
                [36m<div[39m
                  [33mclass[39m=[32m"
                        aspect-square flex items-center justify-center
                        text-sm font-semibold rounded
                        bg-background border-2 border-primary/20 hover:border-primary/40 transition-colors
                      "[39m
                [36m>[39m
                  [0m67[0m
                [36m</div>[39m
                [36m<div[39m
                  [33mclass[39m=[32m"
                        aspect-square flex items-center justify-center
                        text-sm font-semibold rounded
                        bg-muted/50 text-muted-foreground/30
                      "[39m
                [36m/>[39m
                [36m<div[39m
                  [33mclass[39m=[32m"
                        aspect-square flex items-center justify-center
                        text-sm font-semibold rounded
                        bg-background border-2 border-primary/20 hover:border-primary/40 transition-colors
                      "[39m
                [36m>[39m
                  [0m89[0m
                [36m</div>[39m
              [36m</div>[39m
              [36m<div[39m
                [33mclass[39m=[32m"grid grid-cols-9 gap-1"[39m
              [36m>[39m
                [36m<div[39m
                  [33mclass[39m=[32m"
                        aspect-square flex items-center justify-center
                        text-sm font-semibold rounded
                        bg-background border-2 border-primary/20 hover:border-primary/40 transition-colors
                      "[39m
                [36m>[39m
                  [0m2[0m
                [36m</div>[39m
                [36m<div[39m
                  [33mclass[39m=[32m"
                        aspect-square flex items-center justify-center
                        text-sm font-semibold rounded
                        bg-muted/50 text-muted-foreground/30
                      "[39m
                [36m/>[39m
                [36m<div[39m
                  [33mclass[39m=[32m"
                        aspect-square flex items-center justify-center
                        text-sm font-semibold rounded
                        bg-background border-2 border-primary/20 hover:border-primary/40 transition-colors
                      "[39m
                [36m>[39m
                  [0m24[0m
                [36m</div>[39m
                [36m<div[39m
                  [33mclass[39m=[32m"
                        aspect-square flex items-center justify-center
                        text-sm font-semibold rounded
                        bg-muted/50 text-muted-foreground/30
                      "[39m
                [36m/>[39m
                [36m<div[39m
                  [33mclass[39m=[32m"
                        aspect-square flex items-center justify-center
                        text-sm font-semibold rounded
                        bg-background border-2 border-primary/20 hover:border-primary/40 transition-colors
                      "[39m
                [36m>[39m
                  [0m46[0m
                [36m</div>[39m
                [36m<div[39m
                  [33mclass[39m=[32m"
                        aspect-square flex items-center justify-center
                        text-sm font-semibold rounded
                        bg-muted/50 text-muted-foreground/30
                      "[39m
                [36m/>[39m
                [36m<div[39m
                  [33mclass[39m=[32m"
                        aspect-square flex items-center justify-center
                        text-sm font-semibold rounded
                        bg-background border-2 border-primary/20 hover:border-primary/40 transition-colors
                      "[39m
                [36m>[39m
                  [0m68[0m
                [36m</div>[39m
                [36m<div[39m
                  [3...
[90m [2m❯[22m Object.getElementError node_modules/@testing-library/dom/dist/config.js:[2m37:19[22m[39m
[90m [2m❯[22m getElementError node_modules/@testing-library/dom/dist/query-helpers.js:[2m20:35[22m[39m
[90m [2m❯[22m getMultipleElementsFoundError node_modules/@testing-library/dom/dist/query-helpers.js:[2m23:10[22m[39m
[90m [2m❯[22m node_modules/@testing-library/dom/dist/query-helpers.js:[2m55:13[22m[39m
[90m [2m❯[22m node_modules/@testing-library/dom/dist/query-helpers.js:[2m95:19[22m[39m
[36m [2m❯[22m src/features/game/components/TicketDisplay.test.tsx:[2m87:19[22m[39m
    [90m 85| [39m    [34mrender[39m([33m<[39m[33mTicketDisplay[39m [33mgrid[39m[33m=[39m[33m{[39minvalidGrid [35mas[39m any[33m}[39m [33m/[39m[33m>[39m)[33m;[39m
    [90m 86| [39m
    [90m 87| [39m    [34mexpect[39m(screen[33m.[39m[34mgetByText[39m([32m"Invalid ticket data"[39m))[33m.[39m[34mtoBeDefined[39m()[33m;[39m
    [90m   | [39m                  [31m^[39m
    [90m 88| [39m  })[33m;[39m
    [90m 89| [39m

[31m[2m⎯⎯⎯⎯⎯⎯⎯⎯⎯⎯⎯⎯⎯⎯⎯⎯⎯⎯⎯⎯⎯⎯⎯⎯[2/4]⎯[22m[39m

[41m[1m FAIL [22m[49m src/features/game/components/TicketDisplay.test.tsx[2m > [22mTicketDisplay[2m > [22mshould handle null grid
[31m[1mTestingLibraryElementError[22m[39m: Found multiple elements with the text: Invalid ticket data

Here are the matching elements:

Ignored nodes: comments, script, style
[36m<p[39m
  [33mclass[39m=[32m"text-sm text-muted-foreground"[39m
[36m>[39m
  [0mInvalid ticket data[0m
[36m</p>[39m

Ignored nodes: comments, script, style
[36m<p[39m
  [33mclass[39m=[32m"text-sm text-muted-foreground"[39m
[36m>[39m
  [0mInvalid ticket data[0m
[36m</p>[39m

Ignored nodes: comments, script, style
[36m<p[39m
  [33mclass[39m=[32m"text-sm text-muted-foreground"[39m
[36m>[39m
  [0mInvalid ticket data[0m
[36m</p>[39m

(If this is intentional, then use the `*AllBy*` variant of the query (like `queryAllByText`, `getAllByText`, or `findAllByText`)).

Ignored nodes: comments, script, style
[36m<body>[39m
  [36m<div>[39m
    [36m<div>[39m
      [36m<div>[39m
        [36m<h2>[39m
          [36m<svg[39m
            [33mdata-testid[39m=[32m"ticket-icon"[39m
          [36m/>[39m
          [0mYour Ticket[0m
        [36m</h2>[39m
      [36m</div>[39m
      [36m<div>[39m
        [36m<div[39m
          [33mclass[39m=[32m"overflow-x-auto"[39m
        [36m>[39m
          [36m<div[39m
            [33mclass[39m=[32m"inline-block min-w-full"[39m
          [36m>[39m
            [36m<div[39m
              [33mclass[39m=[32m"grid grid-rows-3 gap-1 p-2 bg-muted/30 rounded-lg"[39m
            [36m>[39m
              [36m<div[39m
                [33mclass[39m=[32m"grid grid-cols-9 gap-1"[39m
              [36m>[39m
                [36m<div[39m
                  [33mclass[39m=[32m"
                        aspect-square flex items-center justify-center
                        text-sm font-semibold rounded
                        bg-background border-2 border-primary/20 hover:border-primary/40 transition-colors
                      "[39m
                [36m>[39m
                  [0m1[0m
                [36m</div>[39m
                [36m<div[39m
                  [33mclass[39m=[32m"
                        aspect-square flex items-center justify-center
                        text-sm font-semibold rounded
                        bg-muted/50 text-muted-foreground/30
                      "[39m
                [36m/>[39m
                [36m<div[39m
                  [33mclass[39m=[32m"
                        aspect-square flex items-center justify-center
                        text-sm font-semibold rounded
                        bg-background border-2 border-primary/20 hover:border-primary/40 transition-colors
                      "[39m
                [36m>[39m
                  [0m23[0m
                [36m</div>[39m
                [36m<div[39m
                  [33mclass[39m=[32m"
                        aspect-square flex items-center justify-center
                        text-sm font-semibold rounded
                        bg-muted/50 text-muted-foreground/30
                      "[39m
                [36m/>[39m
                [36m<div[39m
                  [33mclass[39m=[32m"
                        aspect-square flex items-center justify-center
                        text-sm font-semibold rounded
                        bg-background border-2 border-primary/20 hover:border-primary/40 transition-colors
                      "[39m
                [36m>[39m
                  [0m45[0m
                [36m</div>[39m
                [36m<div[39m
                  [33mclass[39m=[32m"
                        aspect-square flex items-center justify-center
                        text-sm font-semibold rounded
                        bg-muted/50 text-muted-foreground/30
                      "[39m
                [36m/>[39m
                [36m<div[39m
                  [33mclass[39m=[32m"
                        aspect-square flex items-center justify-center
                        text-sm font-semibold rounded
                        bg-background border-2 border-primary/20 hover:border-primary/40 transition-colors
                      "[39m
                [36m>[39m
                  [0m67[0m
                [36m</div>[39m
                [36m<div[39m
                  [33mclass[39m=[32m"
                        aspect-square flex items-center justify-center
                        text-sm font-semibold rounded
                        bg-muted/50 text-muted-foreground/30
                      "[39m
                [36m/>[39m
                [36m<div[39m
                  [33mclass[39m=[32m"
                        aspect-square flex items-center justify-center
                        text-sm font-semibold rounded
                        bg-background border-2 border-primary/20 hover:border-primary/40 transition-colors
                      "[39m
                [36m>[39m
                  [0m89[0m
                [36m</div>[39m
              [36m</div>[39m
              [36m<div[39m
                [33mclass[39m=[32m"grid grid-cols-9 gap-1"[39m
              [36m>[39m
                [36m<div[39m
                  [33mclass[39m=[32m"
                        aspect-square flex items-center justify-center
                        text-sm font-semibold rounded
                        bg-background border-2 border-primary/20 hover:border-primary/40 transition-colors
                      "[39m
                [36m>[39m
                  [0m2[0m
                [36m</div>[39m
                [36m<div[39m
                  [33mclass[39m=[32m"
                        aspect-square flex items-center justify-center
                        text-sm font-semibold rounded
                        bg-muted/50 text-muted-foreground/30
                      "[39m
                [36m/>[39m
                [36m<div[39m
                  [33mclass[39m=[32m"
                        aspect-square flex items-center justify-center
                        text-sm font-semibold rounded
                        bg-background border-2 border-primary/20 hover:border-primary/40 transition-colors
                      "[39m
                [36m>[39m
                  [0m24[0m
                [36m</div>[39m
                [36m<div[39m
                  [33mclass[39m=[32m"
                        aspect-square flex items-center justify-center
                        text-sm font-semibold rounded
                        bg-muted/50 text-muted-foreground/30
                      "[39m
                [36m/>[39m
                [36m<div[39m
                  [33mclass[39m=[32m"
                        aspect-square flex items-center justify-center
                        text-sm font-semibold rounded
                        bg-background border-2 border-primary/20 hover:border-primary/40 transition-colors
                      "[39m
                [36m>[39m
                  [0m46[0m
                [36m</div>[39m
                [36m<div[39m
                  [33mclass[39m=[32m"
                        aspect-square flex items-center justify-center
                        text-sm font-semibold rounded
                        bg-muted/50 text-muted-foreground/30
                      "[39m
                [36m/>[39m
                [36m<div[39m
                  [33mclass[39m=[32m"
                        aspect-square flex items-center justify-center
                        text-sm font-semibold rounded
                        bg-background border-2 border-primary/20 hover:border-primary/40 transition-colors
                      "[39m
                [36m>[39m
                  [0m68[0m
                [36m</div>[39m
                [36m<div[39m
                  [3...
[90m [2m❯[22m Object.getElementError node_modules/@testing-library/dom/dist/config.js:[2m37:19[22m[39m
[90m [2m❯[22m getElementError node_modules/@testing-library/dom/dist/query-helpers.js:[2m20:35[22m[39m
[90m [2m❯[22m getMultipleElementsFoundError node_modules/@testing-library/dom/dist/query-helpers.js:[2m23:10[22m[39m
[90m [2m❯[22m node_modules/@testing-library/dom/dist/query-helpers.js:[2m55:13[22m[39m
[90m [2m❯[22m node_modules/@testing-library/dom/dist/query-helpers.js:[2m95:19[22m[39m
[36m [2m❯[22m src/features/game/components/TicketDisplay.test.tsx:[2m93:19[22m[39m
    [90m 91| [39m    [34mrender[39m([33m<[39m[33mTicketDisplay[39m [33mgrid[39m[33m=[39m[33m{[39m[35mnull[39m [35mas[39m any[33m}[39m [33m/[39m[33m>[39m)[33m;[39m
    [90m 92| [39m
    [90m 93| [39m    [34mexpect[39m(screen[33m.[39m[34mgetByText[39m([32m"Invalid ticket data"[39m))[33m.[39m[34mtoBeDefined[39m()[33m;[39m
    [90m   | [39m                  [31m^[39m
    [90m 94| [39m  })[33m;[39m
    [90m 95| [39m

[31m[2m⎯⎯⎯⎯⎯⎯⎯⎯⎯⎯⎯⎯⎯⎯⎯⎯⎯⎯⎯⎯⎯⎯⎯⎯[3/4]⎯[22m[39m

[41m[1m FAIL [22m[49m src/features/game/components/TicketDisplay.test.tsx[2m > [22mTicketDisplay[2m > [22mshould handle undefined grid
[31m[1mTestingLibraryElementError[22m[39m: Found multiple elements with the text: Invalid ticket data

Here are the matching elements:

Ignored nodes: comments, script, style
[36m<p[39m
  [33mclass[39m=[32m"text-sm text-muted-foreground"[39m
[36m>[39m
  [0mInvalid ticket data[0m
[36m</p>[39m

Ignored nodes: comments, script, style
[36m<p[39m
  [33mclass[39m=[32m"text-sm text-muted-foreground"[39m
[36m>[39m
  [0mInvalid ticket data[0m
[36m</p>[39m

Ignored nodes: comments, script, style
[36m<p[39m
  [33mclass[39m=[32m"text-sm text-muted-foreground"[39m
[36m>[39m
  [0mInvalid ticket data[0m
[36m</p>[39m

Ignored nodes: comments, script, style
[36m<p[39m
  [33mclass[39m=[32m"text-sm text-muted-foreground"[39m
[36m>[39m
  [0mInvalid ticket data[0m
[36m</p>[39m

(If this is intentional, then use the `*AllBy*` variant of the query (like `queryAllByText`, `getAllByText`, or `findAllByText`)).

Ignored nodes: comments, script, style
[36m<body>[39m
  [36m<div>[39m
    [36m<div>[39m
      [36m<div>[39m
        [36m<h2>[39m
          [36m<svg[39m
            [33mdata-testid[39m=[32m"ticket-icon"[39m
          [36m/>[39m
          [0mYour Ticket[0m
        [36m</h2>[39m
      [36m</div>[39m
      [36m<div>[39m
        [36m<div[39m
          [33mclass[39m=[32m"overflow-x-auto"[39m
        [36m>[39m
          [36m<div[39m
            [33mclass[39m=[32m"inline-block min-w-full"[39m
          [36m>[39m
            [36m<div[39m
              [33mclass[39m=[32m"grid grid-rows-3 gap-1 p-2 bg-muted/30 rounded-lg"[39m
            [36m>[39m
              [36m<div[39m
                [33mclass[39m=[32m"grid grid-cols-9 gap-1"[39m
              [36m>[39m
                [36m<div[39m
                  [33mclass[39m=[32m"
                        aspect-square flex items-center justify-center
                        text-sm font-semibold rounded
                        bg-background border-2 border-primary/20 hover:border-primary/40 transition-colors
                      "[39m
                [36m>[39m
                  [0m1[0m
                [36m</div>[39m
                [36m<div[39m
                  [33mclass[39m=[32m"
                        aspect-square flex items-center justify-center
                        text-sm font-semibold rounded
                        bg-muted/50 text-muted-foreground/30
                      "[39m
                [36m/>[39m
                [36m<div[39m
                  [33mclass[39m=[32m"
                        aspect-square flex items-center justify-center
                        text-sm font-semibold rounded
                        bg-background border-2 border-primary/20 hover:border-primary/40 transition-colors
                      "[39m
                [36m>[39m
                  [0m23[0m
                [36m</div>[39m
                [36m<div[39m
                  [33mclass[39m=[32m"
                        aspect-square flex items-center justify-center
                        text-sm font-semibold rounded
                        bg-muted/50 text-muted-foreground/30
                      "[39m
                [36m/>[39m
                [36m<div[39m
                  [33mclass[39m=[32m"
                        aspect-square flex items-center justify-center
                        text-sm font-semibold rounded
                        bg-background border-2 border-primary/20 hover:border-primary/40 transition-colors
                      "[39m
                [36m>[39m
                  [0m45[0m
                [36m</div>[39m
                [36m<div[39m
                  [33mclass[39m=[32m"
                        aspect-square flex items-center justify-center
                        text-sm font-semibold rounded
                        bg-muted/50 text-muted-foreground/30
                      "[39m
                [36m/>[39m
                [36m<div[39m
                  [33mclass[39m=[32m"
                        aspect-square flex items-center justify-center
                        text-sm font-semibold rounded
                        bg-background border-2 border-primary/20 hover:border-primary/40 transition-colors
                      "[39m
                [36m>[39m
                  [0m67[0m
                [36m</div>[39m
                [36m<div[39m
                  [33mclass[39m=[32m"
                        aspect-square flex items-center justify-center
                        text-sm font-semibold rounded
                        bg-muted/50 text-muted-foreground/30
                      "[39m
                [36m/>[39m
                [36m<div[39m
                  [33mclass[39m=[32m"
                        aspect-square flex items-center justify-center
                        text-sm font-semibold rounded
                        bg-background border-2 border-primary/20 hover:border-primary/40 transition-colors
                      "[39m
                [36m>[39m
                  [0m89[0m
                [36m</div>[39m
              [36m</div>[39m
              [36m<div[39m
                [33mclass[39m=[32m"grid grid-cols-9 gap-1"[39m
              [36m>[39m
                [36m<div[39m
                  [33mclass[39m=[32m"
                        aspect-square flex items-center justify-center
                        text-sm font-semibold rounded
                        bg-background border-2 border-primary/20 hover:border-primary/40 transition-colors
                      "[39m
                [36m>[39m
                  [0m2[0m
                [36m</div>[39m
                [36m<div[39m
                  [33mclass[39m=[32m"
                        aspect-square flex items-center justify-center
                        text-sm font-semibold rounded
                        bg-muted/50 text-muted-foreground/30
                      "[39m
                [36m/>[39m
                [36m<div[39m
                  [33mclass[39m=[32m"
                        aspect-square flex items-center justify-center
                        text-sm font-semibold rounded
                        bg-background border-2 border-primary/20 hover:border-primary/40 transition-colors
                      "[39m
                [36m>[39m
                  [0m24[0m
                [36m</div>[39m
                [36m<div[39m
                  [33mclass[39m=[32m"
                        aspect-square flex items-center justify-center
                        text-sm font-semibold rounded
                        bg-muted/50 text-muted-foreground/30
                      "[39m
                [36m/>[39m
                [36m<div[39m
                  [33mclass[39m=[32m"
                        aspect-square flex items-center justify-center
                        text-sm font-semibold rounded
                        bg-background border-2 border-primary/20 hover:border-primary/40 transition-colors
                      "[39m
                [36m>[39m
                  [0m46[0m
                [36m</div>[39m
                [36m<div[39m
                  [33mclass[39m=[32m"
                        aspect-square flex items-center justify-center
                        text-sm font-semibold rounded
                        bg-muted/50 text-muted-foreground/30
                      "[39m
                [36m/>[39m
                [36m<div[39m
                  [33mclass[39m=[32m"
                        aspect-square flex items-center justify-center
                        text-sm font-semibold rounded
                        bg-background border-2 border-primary/20 hover:border-primary/40 transition-colors
                      "[39m
                [36m>[39m
                  [0m68[0m
                [36m</div>[39m
                [36m<div[39m
                  [3...
[90m [2m❯[22m Object.getElementError node_modules/@testing-library/dom/dist/config.js:[2m37:19[22m[39m
[90m [2m❯[22m getElementError node_modules/@testing-library/dom/dist/query-helpers.js:[2m20:35[22m[39m
[90m [2m❯[22m getMultipleElementsFoundError node_modules/@testing-library/dom/dist/query-helpers.js:[2m23:10[22m[39m
[90m [2m❯[22m node_modules/@testing-library/dom/dist/query-helpers.js:[2m55:13[22m[39m
[90m [2m❯[22m node_modules/@testing-library/dom/dist/query-helpers.js:[2m95:19[22m[39m
[36m [2m❯[22m src/features/game/components/TicketDisplay.test.tsx:[2m99:19[22m[39m
    [90m 97| [39m    [34mrender[39m([33m<[39m[33mTicketDisplay[39m [33mgrid[39m[33m=[39m[33m{[39mundefined [35mas[39m any[33m}[39m [33m/[39m[33m>[39m)[33m;[39m
    [90m 98| [39m
    [90m 99| [39m    [34mexpect[39m(screen[33m.[39m[34mgetByText[39m([32m"Invalid ticket data"[39m))[33m.[39m[34mtoBeDefined[39m()[33m;[39m
    [90m   | [39m                  [31m^[39m
    [90m100| [39m  })[33m;[39m
    [90m101| [39m

[31m[2m⎯⎯⎯⎯⎯⎯⎯⎯⎯⎯⎯⎯⎯⎯⎯⎯⎯⎯⎯⎯⎯⎯⎯⎯[4/4]⎯[22m[39m


[2m Test Files [22m [1m[31m1 failed[39m[22m[90m (1)[39m
[2m      Tests [22m [1m[31m4 failed[39m[22m[2m | [22m[1m[32m6 passed[39m[22m[90m (10)[39m
[2m   Start at [22m 16:46:09
[2m   Duration [22m 4.58s[2m (transform 447ms, setup 355ms, import 845ms, tests 509ms, environment 2.34s)[22m

